// Jest Snapshot v1, https://goo.gl/fbAQLP

exports[`Event Block should render Default 1`] = `
"Snapshot Diff:
Compared values have no visual difference."
`;

exports[`Event Block should render WithClassName 1`] = `
"Snapshot Diff:
- First value
+ Second value

@@ -1,8 +1,8 @@
  <DocumentFragment>
    <aside
-     class="css-1lwhsgn-EventBlockWrapper ea1goei0"
+     class="extra-classname css-1lwhsgn-EventBlockWrapper ea1goei0"
    >
      <a
        class="MuiTypography-root MuiTypography-inherit MuiLink-root MuiLink-underlineAlways css-4wstp6-MuiTypography-root-MuiLink-root-EventListItem"
        href="https://example.com"
      >"
`;

exports[`Event Block should render WithEmotion 1`] = `
"Snapshot Diff:
Compared values have no visual difference."
`;
