// Jest Snapshot v1, https://goo.gl/fbAQLP

exports[`Image Gallery Block should render Default 1`] = `
"Snapshot Diff:
Compared values have no visual difference."
`;

exports[`Image Gallery Block should render WithClassName 1`] = `
"Snapshot Diff:
- First value
+ Second value

@@ -1,8 +1,8 @@
  <DocumentFragment>
    <figure
-     class="css-1b0x59d-ImageGalleryBlockWrapper e5naayd1"
+     class="extra-classname css-1b0x59d-ImageGalleryBlockWrapper e5naayd1"
    >
      <ul
        class="MuiImageList-root MuiImageList-standard e5naayd0 css-eeca2y-MuiImageList-root-ImageGalleryBlockImageList"
        style="grid-template-columns: repeat(0, 1fr); gap: 8px;"
      >"
`;

exports[`Image Gallery Block should render WithEmotion 1`] = `
"Snapshot Diff:
Compared values have no visual difference."
`;

exports[`Image Gallery Block should render WithoutCaption 1`] = `
"Snapshot Diff:
- First value
+ Second value

@@ -26,13 +26,11 @@
            <div
              class="MuiImageListItemBar-titleWrap MuiImageListItemBar-titleWrapBelow css-186gwnw-MuiImageListItemBar-titleWrap"
            >
              <div
                class="MuiImageListItemBar-title css-dasnyc-MuiImageListItemBar-title"
-             >
-               Image caption
-             </div>
+             />
            </div>
          </div>
        </li>
        <li
          class="MuiImageListItem-root MuiImageListItem-standard css-ta95xa-MuiImageListItem-root"
@@ -194,13 +192,11 @@
            <div
              class="MuiImageListItemBar-titleWrap MuiImageListItemBar-titleWrapBelow css-186gwnw-MuiImageListItemBar-titleWrap"
            >
              <div
                class="MuiImageListItemBar-title css-dasnyc-MuiImageListItemBar-title"
-             >
-               Image caption
-             </div>
+             />
            </div>
          </div>
        </li>
        <li
          class="MuiImageListItem-root MuiImageListItem-standard css-ta95xa-MuiImageListItem-root""
`;
