// Jest Snapshot v1, https://goo.gl/fbAQLP

exports[`Richtext Block should render Default 1`] = `
<DocumentFragment>
  <div
    class="emotion-0 emotion-1"
  >
    <div
      data-gramm="false"
      data-slate-editor="true"
      data-slate-node="value"
      style="outline: none; white-space: pre-wrap; word-wrap: break-word;"
    >
      <p
        class="MuiTypography-root MuiTypography-body1 MuiTypography-gutterBottom emotion-2"
        data-slate-node="element"
      >
        <span
          data-slate-node="text"
        >
          <span
            data-slate-string="true"
          >
            Lorem ipsum dolor sit amet, 
          </span>
        </span>
        <span
          data-slate-node="text"
        >
          <strong
            data-slate-leaf="true"
          >
            <span
              data-slate-string="true"
            >
              consectetur adipiscing elit, 
            </span>
          </strong>
        </span>
        <span
          data-slate-node="text"
        >
          <em
            data-slate-leaf="true"
          >
            <span
              data-slate-string="true"
            >
              sed do eiusmod tempor incididunt ut labore et dolore magna aliqua. 
            </span>
          </em>
        </span>
        <span
          data-slate-node="text"
        >
          <u
            data-slate-leaf="true"
          >
            <span
              data-slate-string="true"
            >
              Ut enim ad minim veniam, 
            </span>
          </u>
        </span>
        <span
          data-slate-node="text"
        >
          <del
            data-slate-leaf="true"
          >
            <span
              data-slate-string="true"
            >
              quis nostrud exercitation ullamco laboris nisi ut aliquip ex ea commodo consequat. 
            </span>
          </del>
        </span>
        <span
          data-slate-node="text"
        >
          <span
            data-slate-string="true"
          >
            Duis aute irure dolor in reprehenderit in voluptate velit esse cillum dolore eu fugiat nulla pariatur. 
          </span>
        </span>
        <span
          data-slate-node="text"
        >
          <span
            data-slate-string="true"
          >
            Excepteur sint occaecat cupidatat non proident, sunt in culpa qui officia deserunt mollit anim id est laborum.
          </span>
        </span>
      </p>
      <p
        class="MuiTypography-root MuiTypography-body1 MuiTypography-gutterBottom emotion-2"
        data-slate-node="element"
      >
        <span
          data-slate-node="text"
        >
          <span
            data-slate-string="true"
          >
            Lorem ipsum dolor sit amet, 
          </span>
        </span>
        <span
          data-slate-node="text"
        >
          <strong
            data-slate-leaf="true"
          >
            <span
              data-slate-string="true"
            >
              consectetur adipiscing elit, 
            </span>
          </strong>
        </span>
        <span
          data-slate-node="text"
        >
          <em
            data-slate-leaf="true"
          >
            <span
              data-slate-string="true"
            >
              sed do eiusmod tempor incididunt ut labore et dolore magna aliqua. 
            </span>
          </em>
        </span>
        <span
          data-slate-node="text"
        >
          <u
            data-slate-leaf="true"
          >
            <span
              data-slate-string="true"
            >
              Ut enim ad minim veniam, 
            </span>
          </u>
        </span>
        <span
          data-slate-node="text"
        >
          <del
            data-slate-leaf="true"
          >
            <span
              data-slate-string="true"
            >
              quis nostrud exercitation ullamco laboris nisi ut aliquip ex ea commodo consequat. 
            </span>
          </del>
        </span>
        <span
          data-slate-node="text"
        >
          <span
            data-slate-string="true"
          >
            Duis aute irure dolor in reprehenderit in voluptate velit esse cillum dolore eu fugiat nulla pariatur. 
          </span>
        </span>
        <span
          data-slate-node="text"
        >
          <span
            data-slate-string="true"
          >
            Excepteur sint occaecat cupidatat non proident, sunt in culpa qui officia deserunt mollit anim id est laborum.
          </span>
        </span>
      </p>
      <p
        class="MuiTypography-root MuiTypography-body1 MuiTypography-gutterBottom emotion-2"
        data-slate-node="element"
      >
        <span
          data-slate-node="text"
        >
          <span
            data-slate-string="true"
          >
            Lorem ipsum dolor sit amet, 
          </span>
        </span>
        <span
          data-slate-node="text"
        >
          <strong
            data-slate-leaf="true"
          >
            <span
              data-slate-string="true"
            >
              consectetur adipiscing elit, 
            </span>
          </strong>
        </span>
        <span
          data-slate-node="text"
        >
          <em
            data-slate-leaf="true"
          >
            <span
              data-slate-string="true"
            >
              sed do eiusmod tempor incididunt ut labore et dolore magna aliqua. 
            </span>
          </em>
        </span>
        <span
          data-slate-node="text"
        >
          <u
            data-slate-leaf="true"
          >
            <span
              data-slate-string="true"
            >
              Ut enim ad minim veniam, 
            </span>
          </u>
        </span>
        <span
          data-slate-node="text"
        >
          <del
            data-slate-leaf="true"
          >
            <span
              data-slate-string="true"
            >
              quis nostrud exercitation ullamco laboris nisi ut aliquip ex ea commodo consequat. 
            </span>
          </del>
        </span>
        <span
          data-slate-node="text"
        >
          <span
            data-slate-string="true"
          >
            Duis aute irure dolor in reprehenderit in voluptate velit esse cillum dolore eu fugiat nulla pariatur. 
          </span>
        </span>
        <span
          data-slate-node="text"
        >
          <span
            data-slate-string="true"
          >
            Excepteur sint occaecat cupidatat non proident, sunt in culpa qui officia deserunt mollit anim id est laborum.
          </span>
        </span>
      </p>
      <p
        class="MuiTypography-root MuiTypography-body1 MuiTypography-gutterBottom emotion-2"
        data-slate-node="element"
      >
        <span
          data-slate-node="text"
        >
          <span
            data-slate-string="true"
          >
            Lorem ipsum dolor sit amet, 
          </span>
        </span>
        <span
          data-slate-node="text"
        >
          <strong
            data-slate-leaf="true"
          >
            <span
              data-slate-string="true"
            >
              consectetur adipiscing elit, 
            </span>
          </strong>
        </span>
        <span
          data-slate-node="text"
        >
          <em
            data-slate-leaf="true"
          >
            <span
              data-slate-string="true"
            >
              sed do eiusmod tempor incididunt ut labore et dolore magna aliqua. 
            </span>
          </em>
        </span>
        <span
          data-slate-node="text"
        >
          <u
            data-slate-leaf="true"
          >
            <span
              data-slate-string="true"
            >
              Ut enim ad minim veniam, 
            </span>
          </u>
        </span>
        <span
          data-slate-node="text"
        >
          <del
            data-slate-leaf="true"
          >
            <span
              data-slate-string="true"
            >
              quis nostrud exercitation ullamco laboris nisi ut aliquip ex ea commodo consequat. 
            </span>
          </del>
        </span>
        <span
          data-slate-node="text"
        >
          <span
            data-slate-string="true"
          >
            Duis aute irure dolor in reprehenderit in voluptate velit esse cillum dolore eu fugiat nulla pariatur. 
          </span>
        </span>
        <span
          data-slate-node="text"
        >
          <span
            data-slate-string="true"
          >
            Excepteur sint occaecat cupidatat non proident, sunt in culpa qui officia deserunt mollit anim id est laborum.
          </span>
        </span>
      </p>
    </div>
  </div>
</DocumentFragment>
`;
