// Jest Snapshot v1, https://jestjs.io/docs/snapshot-testing

exports[`UserSubscriptionService createSubscription unhappy path should throw if voucher has expired 1`] = `[BadRequestException: Voucher has expired.]`;

exports[`UserSubscriptionService createSubscription unhappy path should throw if voucher is not found 1`] = `[BadRequestException: Voucher is invalid.]`;

exports[`UserSubscriptionService createSubscription unhappy path should throw if voucher is not yet valid 1`] = `[BadRequestException: Voucher is invalid.]`;
