// Jest Snapshot v1, https://goo.gl/fbAQLP

exports[`Teaser Grid Flex Block should render Default 1`] = `
"Snapshot Diff:
Compared values have no visual difference."
`;

exports[`Teaser Grid Flex Block should render WithClassName 1`] = `
"Snapshot Diff:
- First value
+ Second value

@@ -1,8 +1,8 @@
  <DocumentFragment>
    <div
-     class="css-1iy4fdm-TeaserGridFlexBlockWrapper e1je8zv30"
+     class="extra-classname css-1iy4fdm-TeaserGridFlexBlockWrapper e1je8zv30"
    >
      <article
        class="css-8ks3rt-TeaserWrapper e18of27r4"
        x="0"
        y="0""
`;

exports[`Teaser Grid Flex Block should render WithEmotion 1`] = `
"Snapshot Diff:
Compared values have no visual difference."
`;
