// Jest Snapshot v1, https://goo.gl/fbAQLP

exports[`Tags can be created 1`] = `
{
  "data": {
    "createTag": {
      "id": Any<String>,
      "tag": Any<String>,
    },
  },
  "errors": undefined,
  "extensions": undefined,
  "http": {
    "headers": Headers {
      Symbol(map): {},
    },
  },
}
`;
