// Jest Snapshot v1, https://goo.gl/fbAQLP

exports[`Comment List should render Comment 1`] = `
<DocumentFragment>
  <article
    class="emotion-0 emotion-1"
  >
    <article
      class="emotion-2 emotion-3"
    >
      <header
        class="emotion-4 emotion-5"
      >
        <img
          alt="DSC07717"
          class="emotion-6 emotion-7"
          loading="lazy"
          sizes="(max-width: 400px) 200w,
(max-width: 600px) 300w,
(max-width: 1000px) 500w,
(max-width: 1600px) 800w,
(max-width: 2000px) 1000w,
1200w"
          srcset="https://unsplash.it/1200/1200 1200w,
https://unsplash.it/1000/1000 1000w,
https://unsplash.it/800/800 800w,
https://unsplash.it/500/500 500w,
https://unsplash.it/300/300 300w,
https://unsplash.it/200/200 200w"
          title=""
        />
        <div
          class="emotion-8 emotion-9"
        >
          <div
            class="emotion-10 emotion-11"
          >
            <div
              class="emotion-12 emotion-13"
            >
              Barfoo
            </div>
          </div>
          <div
            class="emotion-14 emotion-15"
          >
            Source
          </div>
        </div>
      </header>
      <div
        class="emotion-16 emotion-17"
      >
        <h1
          class="MuiTypography-root MuiTypography-body1 emotion-18 emotion-19"
        >
          Foobar
        </h1>
        <div
          class="emotion-20 emotion-21"
        >
          <div
            data-gramm="false"
            data-slate-editor="true"
            data-slate-node="value"
            style="outline: none; white-space: pre-wrap; word-wrap: break-word;"
          >
            <p
              class="MuiTypography-root MuiTypography-body1 MuiTypography-gutterBottom emotion-22"
              data-slate-node="element"
            >
              <span
                data-slate-node="text"
              >
                <span
                  data-slate-string="true"
                >
                  Lorem ipsum dolor sit amet, 
                </span>
              </span>
              <span
                data-slate-node="text"
              >
                <strong
                  data-slate-leaf="true"
                >
                  <span
                    data-slate-string="true"
                  >
                    consectetur adipiscing elit, 
                  </span>
                </strong>
              </span>
              <span
                data-slate-node="text"
              >
                <em
                  data-slate-leaf="true"
                >
                  <span
                    data-slate-string="true"
                  >
                    sed do eiusmod tempor incididunt ut labore et dolore magna aliqua. 
                  </span>
                </em>
              </span>
              <span
                data-slate-node="text"
              >
                <u
                  data-slate-leaf="true"
                >
                  <span
                    data-slate-string="true"
                  >
                    Ut enim ad minim veniam, 
                  </span>
                </u>
              </span>
              <span
                data-slate-node="text"
              >
                <del
                  data-slate-leaf="true"
                >
                  <span
                    data-slate-string="true"
                  >
                    quis nostrud exercitation ullamco laboris nisi ut aliquip ex ea commodo consequat. 
                  </span>
                </del>
              </span>
              <span
                data-slate-node="text"
              >
                <span
                  data-slate-string="true"
                >
                  Duis aute irure dolor in reprehenderit in voluptate velit esse cillum dolore eu fugiat nulla pariatur. 
                </span>
              </span>
              <span
                data-slate-node="text"
              >
                <span
                  data-slate-string="true"
                >
                  Excepteur sint occaecat cupidatat non proident, sunt in culpa qui officia deserunt mollit anim id est laborum.
                </span>
              </span>
            </p>
            <p
              class="MuiTypography-root MuiTypography-body1 MuiTypography-gutterBottom emotion-22"
              data-slate-node="element"
            >
              <span
                data-slate-node="text"
              >
                <span
                  data-slate-string="true"
                >
                  Lorem ipsum dolor sit amet, 
                </span>
              </span>
              <span
                data-slate-node="text"
              >
                <strong
                  data-slate-leaf="true"
                >
                  <span
                    data-slate-string="true"
                  >
                    consectetur adipiscing elit, 
                  </span>
                </strong>
              </span>
              <span
                data-slate-node="text"
              >
                <em
                  data-slate-leaf="true"
                >
                  <span
                    data-slate-string="true"
                  >
                    sed do eiusmod tempor incididunt ut labore et dolore magna aliqua. 
                  </span>
                </em>
              </span>
              <span
                data-slate-node="text"
              >
                <u
                  data-slate-leaf="true"
                >
                  <span
                    data-slate-string="true"
                  >
                    Ut enim ad minim veniam, 
                  </span>
                </u>
              </span>
              <span
                data-slate-node="text"
              >
                <del
                  data-slate-leaf="true"
                >
                  <span
                    data-slate-string="true"
                  >
                    quis nostrud exercitation ullamco laboris nisi ut aliquip ex ea commodo consequat. 
                  </span>
                </del>
              </span>
              <span
                data-slate-node="text"
              >
                <span
                  data-slate-string="true"
                >
                  Duis aute irure dolor in reprehenderit in voluptate velit esse cillum dolore eu fugiat nulla pariatur. 
                </span>
              </span>
              <span
                data-slate-node="text"
              >
                <span
                  data-slate-string="true"
                >
                  Excepteur sint occaecat cupidatat non proident, sunt in culpa qui officia deserunt mollit anim id est laborum.
                </span>
              </span>
            </p>
            <p
              class="MuiTypography-root MuiTypography-body1 MuiTypography-gutterBottom emotion-22"
              data-slate-node="element"
            >
              <span
                data-slate-node="text"
              >
                <span
                  data-slate-string="true"
                >
                  Lorem ipsum dolor sit amet, 
                </span>
              </span>
              <span
                data-slate-node="text"
              >
                <strong
                  data-slate-leaf="true"
                >
                  <span
                    data-slate-string="true"
                  >
                    consectetur adipiscing elit, 
                  </span>
                </strong>
              </span>
              <span
                data-slate-node="text"
              >
                <em
                  data-slate-leaf="true"
                >
                  <span
                    data-slate-string="true"
                  >
                    sed do eiusmod tempor incididunt ut labore et dolore magna aliqua. 
                  </span>
                </em>
              </span>
              <span
                data-slate-node="text"
              >
                <u
                  data-slate-leaf="true"
                >
                  <span
                    data-slate-string="true"
                  >
                    Ut enim ad minim veniam, 
                  </span>
                </u>
              </span>
              <span
                data-slate-node="text"
              >
                <del
                  data-slate-leaf="true"
                >
                  <span
                    data-slate-string="true"
                  >
                    quis nostrud exercitation ullamco laboris nisi ut aliquip ex ea commodo consequat. 
                  </span>
                </del>
              </span>
              <span
                data-slate-node="text"
              >
                <span
                  data-slate-string="true"
                >
                  Duis aute irure dolor in reprehenderit in voluptate velit esse cillum dolore eu fugiat nulla pariatur. 
                </span>
              </span>
              <span
                data-slate-node="text"
              >
                <span
                  data-slate-string="true"
                >
                  Excepteur sint occaecat cupidatat non proident, sunt in culpa qui officia deserunt mollit anim id est laborum.
                </span>
              </span>
            </p>
            <p
              class="MuiTypography-root MuiTypography-body1 MuiTypography-gutterBottom emotion-22"
              data-slate-node="element"
            >
              <span
                data-slate-node="text"
              >
                <span
                  data-slate-string="true"
                >
                  Lorem ipsum dolor sit amet, 
                </span>
              </span>
              <span
                data-slate-node="text"
              >
                <strong
                  data-slate-leaf="true"
                >
                  <span
                    data-slate-string="true"
                  >
                    consectetur adipiscing elit, 
                  </span>
                </strong>
              </span>
              <span
                data-slate-node="text"
              >
                <em
                  data-slate-leaf="true"
                >
                  <span
                    data-slate-string="true"
                  >
                    sed do eiusmod tempor incididunt ut labore et dolore magna aliqua. 
                  </span>
                </em>
              </span>
              <span
                data-slate-node="text"
              >
                <u
                  data-slate-leaf="true"
                >
                  <span
                    data-slate-string="true"
                  >
                    Ut enim ad minim veniam, 
                  </span>
                </u>
              </span>
              <span
                data-slate-node="text"
              >
                <del
                  data-slate-leaf="true"
                >
                  <span
                    data-slate-string="true"
                  >
                    quis nostrud exercitation ullamco laboris nisi ut aliquip ex ea commodo consequat. 
                  </span>
                </del>
              </span>
              <span
                data-slate-node="text"
              >
                <span
                  data-slate-string="true"
                >
                  Duis aute irure dolor in reprehenderit in voluptate velit esse cillum dolore eu fugiat nulla pariatur. 
                </span>
              </span>
              <span
                data-slate-node="text"
              >
                <span
                  data-slate-string="true"
                >
                  Excepteur sint occaecat cupidatat non proident, sunt in culpa qui officia deserunt mollit anim id est laborum.
                </span>
              </span>
            </p>
          </div>
        </div>
      </div>
    </article>
    <article
      class="emotion-2 emotion-3"
    >
      <header
        class="emotion-4 emotion-5"
      >
        <img
          alt="DSC07717"
          class="emotion-6 emotion-7"
          loading="lazy"
          sizes="(max-width: 400px) 200w,
(max-width: 600px) 300w,
(max-width: 1000px) 500w,
(max-width: 1600px) 800w,
(max-width: 2000px) 1000w,
1200w"
          srcset="https://unsplash.it/1200/1200 1200w,
https://unsplash.it/1000/1000 1000w,
https://unsplash.it/800/800 800w,
https://unsplash.it/500/500 500w,
https://unsplash.it/300/300 300w,
https://unsplash.it/200/200 200w"
          title=""
        />
        <div
          class="emotion-8 emotion-9"
        >
          <div
            class="emotion-10 emotion-11"
          >
            <div
              class="emotion-12 emotion-13"
            >
              Barfoo
            </div>
          </div>
          <div
            class="emotion-14 emotion-15"
          >
            Source
          </div>
        </div>
      </header>
      <div
        class="emotion-16 emotion-17"
      >
        <h1
          class="MuiTypography-root MuiTypography-body1 emotion-18 emotion-19"
        >
          Foobar
        </h1>
        <div
          class="emotion-20 emotion-21"
        >
          <div
            data-gramm="false"
            data-slate-editor="true"
            data-slate-node="value"
            style="outline: none; white-space: pre-wrap; word-wrap: break-word;"
          >
            <p
              class="MuiTypography-root MuiTypography-body1 MuiTypography-gutterBottom emotion-22"
              data-slate-node="element"
            >
              <span
                data-slate-node="text"
              >
                <span
                  data-slate-string="true"
                >
                  Lorem ipsum dolor sit amet, 
                </span>
              </span>
              <span
                data-slate-node="text"
              >
                <strong
                  data-slate-leaf="true"
                >
                  <span
                    data-slate-string="true"
                  >
                    consectetur adipiscing elit, 
                  </span>
                </strong>
              </span>
              <span
                data-slate-node="text"
              >
                <em
                  data-slate-leaf="true"
                >
                  <span
                    data-slate-string="true"
                  >
                    sed do eiusmod tempor incididunt ut labore et dolore magna aliqua. 
                  </span>
                </em>
              </span>
              <span
                data-slate-node="text"
              >
                <u
                  data-slate-leaf="true"
                >
                  <span
                    data-slate-string="true"
                  >
                    Ut enim ad minim veniam, 
                  </span>
                </u>
              </span>
              <span
                data-slate-node="text"
              >
                <del
                  data-slate-leaf="true"
                >
                  <span
                    data-slate-string="true"
                  >
                    quis nostrud exercitation ullamco laboris nisi ut aliquip ex ea commodo consequat. 
                  </span>
                </del>
              </span>
              <span
                data-slate-node="text"
              >
                <span
                  data-slate-string="true"
                >
                  Duis aute irure dolor in reprehenderit in voluptate velit esse cillum dolore eu fugiat nulla pariatur. 
                </span>
              </span>
              <span
                data-slate-node="text"
              >
                <span
                  data-slate-string="true"
                >
                  Excepteur sint occaecat cupidatat non proident, sunt in culpa qui officia deserunt mollit anim id est laborum.
                </span>
              </span>
            </p>
            <p
              class="MuiTypography-root MuiTypography-body1 MuiTypography-gutterBottom emotion-22"
              data-slate-node="element"
            >
              <span
                data-slate-node="text"
              >
                <span
                  data-slate-string="true"
                >
                  Lorem ipsum dolor sit amet, 
                </span>
              </span>
              <span
                data-slate-node="text"
              >
                <strong
                  data-slate-leaf="true"
                >
                  <span
                    data-slate-string="true"
                  >
                    consectetur adipiscing elit, 
                  </span>
                </strong>
              </span>
              <span
                data-slate-node="text"
              >
                <em
                  data-slate-leaf="true"
                >
                  <span
                    data-slate-string="true"
                  >
                    sed do eiusmod tempor incididunt ut labore et dolore magna aliqua. 
                  </span>
                </em>
              </span>
              <span
                data-slate-node="text"
              >
                <u
                  data-slate-leaf="true"
                >
                  <span
                    data-slate-string="true"
                  >
                    Ut enim ad minim veniam, 
                  </span>
                </u>
              </span>
              <span
                data-slate-node="text"
              >
                <del
                  data-slate-leaf="true"
                >
                  <span
                    data-slate-string="true"
                  >
                    quis nostrud exercitation ullamco laboris nisi ut aliquip ex ea commodo consequat. 
                  </span>
                </del>
              </span>
              <span
                data-slate-node="text"
              >
                <span
                  data-slate-string="true"
                >
                  Duis aute irure dolor in reprehenderit in voluptate velit esse cillum dolore eu fugiat nulla pariatur. 
                </span>
              </span>
              <span
                data-slate-node="text"
              >
                <span
                  data-slate-string="true"
                >
                  Excepteur sint occaecat cupidatat non proident, sunt in culpa qui officia deserunt mollit anim id est laborum.
                </span>
              </span>
            </p>
            <p
              class="MuiTypography-root MuiTypography-body1 MuiTypography-gutterBottom emotion-22"
              data-slate-node="element"
            >
              <span
                data-slate-node="text"
              >
                <span
                  data-slate-string="true"
                >
                  Lorem ipsum dolor sit amet, 
                </span>
              </span>
              <span
                data-slate-node="text"
              >
                <strong
                  data-slate-leaf="true"
                >
                  <span
                    data-slate-string="true"
                  >
                    consectetur adipiscing elit, 
                  </span>
                </strong>
              </span>
              <span
                data-slate-node="text"
              >
                <em
                  data-slate-leaf="true"
                >
                  <span
                    data-slate-string="true"
                  >
                    sed do eiusmod tempor incididunt ut labore et dolore magna aliqua. 
                  </span>
                </em>
              </span>
              <span
                data-slate-node="text"
              >
                <u
                  data-slate-leaf="true"
                >
                  <span
                    data-slate-string="true"
                  >
                    Ut enim ad minim veniam, 
                  </span>
                </u>
              </span>
              <span
                data-slate-node="text"
              >
                <del
                  data-slate-leaf="true"
                >
                  <span
                    data-slate-string="true"
                  >
                    quis nostrud exercitation ullamco laboris nisi ut aliquip ex ea commodo consequat. 
                  </span>
                </del>
              </span>
              <span
                data-slate-node="text"
              >
                <span
                  data-slate-string="true"
                >
                  Duis aute irure dolor in reprehenderit in voluptate velit esse cillum dolore eu fugiat nulla pariatur. 
                </span>
              </span>
              <span
                data-slate-node="text"
              >
                <span
                  data-slate-string="true"
                >
                  Excepteur sint occaecat cupidatat non proident, sunt in culpa qui officia deserunt mollit anim id est laborum.
                </span>
              </span>
            </p>
            <p
              class="MuiTypography-root MuiTypography-body1 MuiTypography-gutterBottom emotion-22"
              data-slate-node="element"
            >
              <span
                data-slate-node="text"
              >
                <span
                  data-slate-string="true"
                >
                  Lorem ipsum dolor sit amet, 
                </span>
              </span>
              <span
                data-slate-node="text"
              >
                <strong
                  data-slate-leaf="true"
                >
                  <span
                    data-slate-string="true"
                  >
                    consectetur adipiscing elit, 
                  </span>
                </strong>
              </span>
              <span
                data-slate-node="text"
              >
                <em
                  data-slate-leaf="true"
                >
                  <span
                    data-slate-string="true"
                  >
                    sed do eiusmod tempor incididunt ut labore et dolore magna aliqua. 
                  </span>
                </em>
              </span>
              <span
                data-slate-node="text"
              >
                <u
                  data-slate-leaf="true"
                >
                  <span
                    data-slate-string="true"
                  >
                    Ut enim ad minim veniam, 
                  </span>
                </u>
              </span>
              <span
                data-slate-node="text"
              >
                <del
                  data-slate-leaf="true"
                >
                  <span
                    data-slate-string="true"
                  >
                    quis nostrud exercitation ullamco laboris nisi ut aliquip ex ea commodo consequat. 
                  </span>
                </del>
              </span>
              <span
                data-slate-node="text"
              >
                <span
                  data-slate-string="true"
                >
                  Duis aute irure dolor in reprehenderit in voluptate velit esse cillum dolore eu fugiat nulla pariatur. 
                </span>
              </span>
              <span
                data-slate-node="text"
              >
                <span
                  data-slate-string="true"
                >
                  Excepteur sint occaecat cupidatat non proident, sunt in culpa qui officia deserunt mollit anim id est laborum.
                </span>
              </span>
            </p>
          </div>
        </div>
      </div>
    </article>
    <article
      class="emotion-2 emotion-3"
    >
      <header
        class="emotion-4 emotion-5"
      >
        <img
          alt="DSC07717"
          class="emotion-6 emotion-7"
          loading="lazy"
          sizes="(max-width: 400px) 200w,
(max-width: 600px) 300w,
(max-width: 1000px) 500w,
(max-width: 1600px) 800w,
(max-width: 2000px) 1000w,
1200w"
          srcset="https://unsplash.it/1200/1200 1200w,
https://unsplash.it/1000/1000 1000w,
https://unsplash.it/800/800 800w,
https://unsplash.it/500/500 500w,
https://unsplash.it/300/300 300w,
https://unsplash.it/200/200 200w"
          title=""
        />
        <div
          class="emotion-8 emotion-9"
        >
          <div
            class="emotion-10 emotion-11"
          >
            <div
              class="emotion-12 emotion-13"
            >
              Barfoo
            </div>
          </div>
          <div
            class="emotion-14 emotion-15"
          >
            Source
          </div>
        </div>
      </header>
      <div
        class="emotion-16 emotion-17"
      >
        <h1
          class="MuiTypography-root MuiTypography-body1 emotion-18 emotion-19"
        >
          Foobar
        </h1>
        <div
          class="emotion-20 emotion-21"
        >
          <div
            data-gramm="false"
            data-slate-editor="true"
            data-slate-node="value"
            style="outline: none; white-space: pre-wrap; word-wrap: break-word;"
          >
            <p
              class="MuiTypography-root MuiTypography-body1 MuiTypography-gutterBottom emotion-22"
              data-slate-node="element"
            >
              <span
                data-slate-node="text"
              >
                <span
                  data-slate-string="true"
                >
                  Lorem ipsum dolor sit amet, 
                </span>
              </span>
              <span
                data-slate-node="text"
              >
                <strong
                  data-slate-leaf="true"
                >
                  <span
                    data-slate-string="true"
                  >
                    consectetur adipiscing elit, 
                  </span>
                </strong>
              </span>
              <span
                data-slate-node="text"
              >
                <em
                  data-slate-leaf="true"
                >
                  <span
                    data-slate-string="true"
                  >
                    sed do eiusmod tempor incididunt ut labore et dolore magna aliqua. 
                  </span>
                </em>
              </span>
              <span
                data-slate-node="text"
              >
                <u
                  data-slate-leaf="true"
                >
                  <span
                    data-slate-string="true"
                  >
                    Ut enim ad minim veniam, 
                  </span>
                </u>
              </span>
              <span
                data-slate-node="text"
              >
                <del
                  data-slate-leaf="true"
                >
                  <span
                    data-slate-string="true"
                  >
                    quis nostrud exercitation ullamco laboris nisi ut aliquip ex ea commodo consequat. 
                  </span>
                </del>
              </span>
              <span
                data-slate-node="text"
              >
                <span
                  data-slate-string="true"
                >
                  Duis aute irure dolor in reprehenderit in voluptate velit esse cillum dolore eu fugiat nulla pariatur. 
                </span>
              </span>
              <span
                data-slate-node="text"
              >
                <span
                  data-slate-string="true"
                >
                  Excepteur sint occaecat cupidatat non proident, sunt in culpa qui officia deserunt mollit anim id est laborum.
                </span>
              </span>
            </p>
            <p
              class="MuiTypography-root MuiTypography-body1 MuiTypography-gutterBottom emotion-22"
              data-slate-node="element"
            >
              <span
                data-slate-node="text"
              >
                <span
                  data-slate-string="true"
                >
                  Lorem ipsum dolor sit amet, 
                </span>
              </span>
              <span
                data-slate-node="text"
              >
                <strong
                  data-slate-leaf="true"
                >
                  <span
                    data-slate-string="true"
                  >
                    consectetur adipiscing elit, 
                  </span>
                </strong>
              </span>
              <span
                data-slate-node="text"
              >
                <em
                  data-slate-leaf="true"
                >
                  <span
                    data-slate-string="true"
                  >
                    sed do eiusmod tempor incididunt ut labore et dolore magna aliqua. 
                  </span>
                </em>
              </span>
              <span
                data-slate-node="text"
              >
                <u
                  data-slate-leaf="true"
                >
                  <span
                    data-slate-string="true"
                  >
                    Ut enim ad minim veniam, 
                  </span>
                </u>
              </span>
              <span
                data-slate-node="text"
              >
                <del
                  data-slate-leaf="true"
                >
                  <span
                    data-slate-string="true"
                  >
                    quis nostrud exercitation ullamco laboris nisi ut aliquip ex ea commodo consequat. 
                  </span>
                </del>
              </span>
              <span
                data-slate-node="text"
              >
                <span
                  data-slate-string="true"
                >
                  Duis aute irure dolor in reprehenderit in voluptate velit esse cillum dolore eu fugiat nulla pariatur. 
                </span>
              </span>
              <span
                data-slate-node="text"
              >
                <span
                  data-slate-string="true"
                >
                  Excepteur sint occaecat cupidatat non proident, sunt in culpa qui officia deserunt mollit anim id est laborum.
                </span>
              </span>
            </p>
            <p
              class="MuiTypography-root MuiTypography-body1 MuiTypography-gutterBottom emotion-22"
              data-slate-node="element"
            >
              <span
                data-slate-node="text"
              >
                <span
                  data-slate-string="true"
                >
                  Lorem ipsum dolor sit amet, 
                </span>
              </span>
              <span
                data-slate-node="text"
              >
                <strong
                  data-slate-leaf="true"
                >
                  <span
                    data-slate-string="true"
                  >
                    consectetur adipiscing elit, 
                  </span>
                </strong>
              </span>
              <span
                data-slate-node="text"
              >
                <em
                  data-slate-leaf="true"
                >
                  <span
                    data-slate-string="true"
                  >
                    sed do eiusmod tempor incididunt ut labore et dolore magna aliqua. 
                  </span>
                </em>
              </span>
              <span
                data-slate-node="text"
              >
                <u
                  data-slate-leaf="true"
                >
                  <span
                    data-slate-string="true"
                  >
                    Ut enim ad minim veniam, 
                  </span>
                </u>
              </span>
              <span
                data-slate-node="text"
              >
                <del
                  data-slate-leaf="true"
                >
                  <span
                    data-slate-string="true"
                  >
                    quis nostrud exercitation ullamco laboris nisi ut aliquip ex ea commodo consequat. 
                  </span>
                </del>
              </span>
              <span
                data-slate-node="text"
              >
                <span
                  data-slate-string="true"
                >
                  Duis aute irure dolor in reprehenderit in voluptate velit esse cillum dolore eu fugiat nulla pariatur. 
                </span>
              </span>
              <span
                data-slate-node="text"
              >
                <span
                  data-slate-string="true"
                >
                  Excepteur sint occaecat cupidatat non proident, sunt in culpa qui officia deserunt mollit anim id est laborum.
                </span>
              </span>
            </p>
            <p
              class="MuiTypography-root MuiTypography-body1 MuiTypography-gutterBottom emotion-22"
              data-slate-node="element"
            >
              <span
                data-slate-node="text"
              >
                <span
                  data-slate-string="true"
                >
                  Lorem ipsum dolor sit amet, 
                </span>
              </span>
              <span
                data-slate-node="text"
              >
                <strong
                  data-slate-leaf="true"
                >
                  <span
                    data-slate-string="true"
                  >
                    consectetur adipiscing elit, 
                  </span>
                </strong>
              </span>
              <span
                data-slate-node="text"
              >
                <em
                  data-slate-leaf="true"
                >
                  <span
                    data-slate-string="true"
                  >
                    sed do eiusmod tempor incididunt ut labore et dolore magna aliqua. 
                  </span>
                </em>
              </span>
              <span
                data-slate-node="text"
              >
                <u
                  data-slate-leaf="true"
                >
                  <span
                    data-slate-string="true"
                  >
                    Ut enim ad minim veniam, 
                  </span>
                </u>
              </span>
              <span
                data-slate-node="text"
              >
                <del
                  data-slate-leaf="true"
                >
                  <span
                    data-slate-string="true"
                  >
                    quis nostrud exercitation ullamco laboris nisi ut aliquip ex ea commodo consequat. 
                  </span>
                </del>
              </span>
              <span
                data-slate-node="text"
              >
                <span
                  data-slate-string="true"
                >
                  Duis aute irure dolor in reprehenderit in voluptate velit esse cillum dolore eu fugiat nulla pariatur. 
                </span>
              </span>
              <span
                data-slate-node="text"
              >
                <span
                  data-slate-string="true"
                >
                  Excepteur sint occaecat cupidatat non proident, sunt in culpa qui officia deserunt mollit anim id est laborum.
                </span>
              </span>
            </p>
          </div>
        </div>
      </div>
    </article>
  </article>
</DocumentFragment>
`;
