// Jest Snapshot v1, https://goo.gl/fbAQLP

exports[`Token Generate Panel should be able to generate a new token 1`] = `
"Snapshot Diff:
- First value
+ Second value

@@ -31,24 +31,10 @@
      </h4>
      <div
        class="rs-drawer-actions"
      >
        <button
-         aria-disabled="false"
-         class="rs-btn rs-btn-primary"
-         type="button"
-       >
-         tokenList.panels.generate
-         <span
-           class="rs-ripple-pond"
-         >
-           <span
-             class="rs-ripple"
-           />
-         </span>
-       </button>
-       <button
          class="rs-btn rs-btn-subtle"
          type="button"
        >
          tokenList.panels.close
          <span
@@ -61,14 +47,58 @@
        </button>
      </div>
    </div>
    <div
      class="rs-drawer-body"
+   >
+     <p>
+       tokenList.panels.creationSuccess
+     </p>
+     <div
+       class="rs-panel rs-panel-bordered"
      >
-     <input
-       class="rs-input"
-       placeholder="tokenList.panels.name"
-       type="text"
-       value=""
+       <div
+         class="rs-panel-body"
+         role="region"
+       >
+         iXBGZLn7L5bAg455FQiCrd7RUQJtgWZ5
+       </div>
+     </div>
+     <div
+       class="css-wsps2-Message euh87sf0 rs-message rs-message-warning rs-message-show rs-message-has-icon"
+       role="alert"
+     >
+       <div
+         class="rs-message-container"
+       >
+         <div
+           class="rs-message-icon-wrapper"
+         >
+           <svg
+             aria-hidden="true"
+             aria-label="remind"
+             class="rs-icon"
+             data-category="legacy"
+             fill="currentColor"
+             focusable="false"
+             height="1em"
+             viewBox="0 0 14 14"
+             width="1em"
+           >
+             <path
+               d="M8.021 1.101l5.832 10.509a1.168 1.168 0 01-1.021 1.734H1.167a1.167 1.167 0 01-1.02-1.734L5.979 1.101a1.167 1.167 0 012.041 0zM7 12.177a1.167 1.167 0 100-2.334 1.167 1.167 0 000 2.334zm0-9.34c-.645 0-1.167.523-1.167 1.167v3.502a1.167 1.167 0 002.334 0V4.004c0-.645-.523-1.167-1.167-1.167z"
              />
+           </svg>
+         </div>
+         <div
+           class="rs-message-content"
+         >
+           <div
+             class="rs-message-body"
+           >
+             tokenList.panels.tokenWarning
+           </div>
+         </div>
+       </div>
+     </div>
    </div>
  </DocumentFragment>"
`;

exports[`Token Generate Panel should render 1`] = `
<DocumentFragment>
  <div
    class="rs-drawer-header"
  >
    <span
      aria-label="Close"
      class="rs-drawer-header-close rs-btn-close"
      role="button"
      title="Close"
    >
      <svg
        aria-hidden="true"
        aria-label="close"
        class="rs-icon"
        data-category="application"
        fill="currentColor"
        focusable="false"
        height="1em"
        viewBox="0 0 16 16"
        width="1em"
      >
        <path
          d="M2.784 2.089l.069.058 5.146 5.147 5.146-5.147a.5.5 0 01.765.638l-.058.069L8.705 8l5.147 5.146a.5.5 0 01-.638.765l-.069-.058-5.146-5.147-5.146 5.147a.5.5 0 01-.765-.638l.058-.069L7.293 8 2.146 2.854a.5.5 0 01.638-.765z"
        />
      </svg>
    </span>
    <h4
      class="rs-drawer-title"
    >
      tokenList.panels.generateToken
    </h4>
    <div
      class="rs-drawer-actions"
    >
      <button
        aria-disabled="false"
        class="rs-btn rs-btn-primary"
        type="button"
      >
        tokenList.panels.generate
        <span
          class="rs-ripple-pond"
        >
          <span
            class="rs-ripple"
          />
        </span>
      </button>
      <button
        class="rs-btn rs-btn-subtle"
        type="button"
      >
        tokenList.panels.close
        <span
          class="rs-ripple-pond"
        >
          <span
            class="rs-ripple"
          />
        </span>
      </button>
    </div>
  </div>
  <div
    class="rs-drawer-body"
  >
    <input
      class="rs-input"
      placeholder="tokenList.panels.name"
      type="text"
      value=""
    />
  </div>
</DocumentFragment>
`;

exports[`Token Generate Panel will not render without correct permission 1`] = `
<DocumentFragment>
  <div
    class="rs-message rs-message-error rs-message-show rs-message-has-title rs-message-has-icon"
    role="alert"
  >
    <div
      class="rs-message-container"
    >
      <div
        class="rs-message-icon-wrapper"
      >
        <svg
          aria-hidden="true"
          aria-label="close circle"
          class="rs-icon"
          data-category="legacy"
          fill="currentColor"
          focusable="false"
          height="1em"
          viewBox="0 0 32 32"
          width="1em"
        >
          <path
            d="M23.936 20.711c0-.363-.133-.672-.393-.937L19.769 16l3.771-3.769a1.28 1.28 0 00.393-.937c0-.377-.133-.695-.393-.958l-1.877-1.874a1.312 1.312 0 00-.962-.395c-.361 0-.67.133-.937.395l-3.765 3.769L12.23 8.46a1.293 1.293 0 00-.939-.395c-.375 0-.697.133-.958.395l-1.874 1.874a1.312 1.312 0 00-.395.958c0 .361.133.67.395.937L12.23 16l-3.771 3.771a1.278 1.278 0 00-.395.937c0 .375.133.695.395.96l1.874 1.874c.263.263.583.393.958.393.361 0 .672-.13.937-.393l3.771-3.771 3.769 3.771c.265.263.576.393.937.393.377 0 .697-.13.962-.393l1.877-1.874c.258-.265.391-.587.391-.958zM32 16c0 2.903-.715 5.579-2.144 8.03a15.931 15.931 0 01-5.822 5.826c-2.457 1.429-5.131 2.142-8.034 2.142s-5.579-.711-8.034-2.142a15.924 15.924 0 01-5.822-5.826C.715 21.58 0 18.903 0 16s.715-5.579 2.146-8.032 3.369-4.393 5.822-5.822S13.097.002 16 .002s5.577.715 8.034 2.146a15.928 15.928 0 015.822 5.822C31.282 10.42 32 13.097 32 16z"
          />
        </svg>
      </div>
      <div
        class="rs-message-content"
      >
        <div
          class="rs-message-header"
        >
          permissions.noAccess
        </div>
        <div
          class="rs-message-body"
        >
          permissions.contactAdmin
        </div>
      </div>
    </div>
  </div>
</DocumentFragment>
`;
